     1                                 %line 1+1 ass6.asm
     2                                 
     3                                 
     4                                 
     5                                 
     6                                 
     7                                 
     8                                 
     9                                 
    10                                 
    11                                 
    12                                 
    13                                 
    14                                 
    15                                 
    16                                 
    17                                 
    18                                 
    19                                 
    20                                 
    21                                 
    22                                 
    23                                 
    24                                 
    25                                 
    26                                 
    27                                 
    28                                 
    29                                 
    30                                 
    31                                 
    32                                 
    33                                 
    34                                 
    35                                 
    36                                 
    37                                 
    38                                 
    39                                 %line 73+1 ass6.asm
    40                                 
    41                                 
    42                                 
    43                                 
    44                                 
    45                                 
    46                                 
    47                                 
    48                                 
    49                                 
    50                                 
    51                                 
    52                                 
    53                                 
    54                                 
    55                                 
    56                                 
    57                                 
    58                                 
    59                                 
    60                                 %line 204+1 ass6.asm
    61                                 
    62                                 
    63                                 
    64                                 
    65                                 
    66                                 
    67                                 
    68                                 
    69                                 
    70                                 
    71                                 
    72                                 
    73                                 %line 244+1 ass6.asm
    74                                 
    75                                 
    76                                 
    77                                 
    78                                 [section .data]
    79                                 
    80                                 
    81                                 
    82                                 
    83                                 TRUE equ 1
    84                                 FALSE equ 0
    85                                 
    86                                 SUCCESS equ 0
    87                                 NOSUCCESS equ 1
    88                                 
    89                                 STDIN equ 0
    90                                 STDOUT equ 1
    91                                 STDERR equ 2
    92                                 
    93                                 SYS_read equ 0
    94                                 SYS_write equ 1
    95                                 SYS_open equ 2
    96                                 SYS_close equ 3
    97                                 SYS_fork equ 57
    98                                 SYS_exit equ 60
    99                                 SYS_creat equ 85
   100                                 SYS_time equ 201
   101                                 
   102                                 LF equ 10
   103                                 SPACE equ " "
   104                                 NULL equ 0
   105                                 ESC equ 27
   106                                 
   107                                 NUMS_PER_LINE equ 2
   108                                 
   109                                 
   110                                 
   111                                 
   112                                 
   113                                 STRLENGTH equ 32
   114                                 
   115 00000000 303030303030303030-    cSides db "00000000000000000000000010101001", NULL
   116 00000000 303030303030303030-
   117 00000000 303030303030313031-
   118 00000000 303130303100       
   119 00000021 303030303030303030-     db "00000000000000000000000001010101", NULL
   120 00000021 303030303030303030-
   121 00000021 303030303030303130-
   122 00000021 313031303100       
   123 00000042 303030303030303030-     db "00000000000000000000000101011001", NULL
   124 00000042 303030303030303030-
   125 00000042 303030303031303130-
   126 00000042 313130303100       
   127 00000063 303030303030303030-     db "00000000000000000000000000101010", NULL
   128 00000063 303030303030303030-
   129 00000063 303030303030303031-
   130 00000063 303130313000       
   131 00000084 303030303030303030-     db "00000000000000000000010101101011", NULL
   132 00000084 303030303030303030-
   133 00000084 303030313031303131-
   134 00000084 303130313100       
   135 000000A5 303030303030303030-     db "00000000000000000001010100101101", NULL
   136 000000A5 303030303030303030-
   137 000000A5 303130313031303031-
   138 000000A5 303131303100       
   139 000000C6 303030303030303030-     db "00000000000000000000000101101101", NULL
   140 000000C6 303030303030303030-
   141 000000C6 303030303031303131-
   142 000000C6 303131303100       
   143 000000E7 303030303030303030-     db "00000000000000000000101011111000", NULL
   144 000000E7 303030303030303030-
   145 000000E7 303031303130313131-
   146 000000E7 313130303000       
   147 00000108 303030303030303030-     db "00000000000000000000111100111001", NULL
   148 00000108 303030303030303030-
   149 00000108 303031313131303031-
   150 00000108 313130303100       
   151 00000129 303030303030303030-     db "00000000000000000001001111001101", NULL
   152 00000129 303030303030303030-
   153 00000129 303130303131313130-
   154 00000129 303131303100       
   155 0000014A 303030303030303030-     db "00000000000000000001110001111101", NULL
   156 0000014A 303030303030303030-
   157 0000014A 303131313030303131-
   158 0000014A 313131303100       
   159 0000016B 303030303030303030-     db "00000000000000000000101111100000", NULL
   160 0000016B 303030303030303030-
   161 0000016B 303031303131313131-
   162 0000016B 303030303000       
   163 0000018C 303030303030303030-     db "00000000000000000000110011111001", NULL
   164 0000018C 303030303030303030-
   165 0000018C 303031313030313131-
   166 0000018C 313130303100       
   167 000001AD 303030303030303030-     db "00000000000000000011101001000101", NULL
   168 000001AD 303030303030303030-
   169 000001AD 313131303130303130-
   170 000001AD 303031303100       
   171 000001CE 303030303030303030-     db "00000000000000000000011101011101", NULL
   172 000001CE 303030303030303030-
   173 000001CE 303030313131303130-
   174 000001CE 313131303100       
   175 000001EF 303030303030303030-     db "00000000000000000010110011111000", NULL
   176 000001EF 303030303030303030-
   177 000001EF 313031313030313131-
   178 000001EF 313130303000       
   179 00000210 303030303030303030-     db "00000000000000000001110101111101", NULL
   180 00000210 303030303030303030-
   181 00000210 303131313031303131-
   182 00000210 313131303100       
   183 00000231 303030303030303030-     db "00000000000000000001010001111101", NULL
   184 00000231 303030303030303030-
   185 00000231 303130313030303131-
   186 00000231 313131303100       
   187 00000252 303030303030303030-     db "00000000000000000011110001111101", NULL
   188 00000252 303030303030303030-
   189 00000252 313131313030303131-
   190 00000252 313131303100       
   191 00000273 303030303030303030-     db "00000000000000000001010001101101", NULL
   192 00000273 303030303030303030-
   193 00000273 303130313030303131-
   194 00000273 303131303100       
   195 00000294 303030303030303030-     db "00000000000000000001100001111101", NULL
   196 00000294 303030303030303030-
   197 00000294 303131303030303131-
   198 00000294 313131303100       
   199                                 
   200 000002B5 303030303030303030-    aLength db "00000000000000000000000000010101", NULL
   201 000002B5 303030303030303030-
   202 000002B5 303030303030303030-
   203 000002B5 313031303100       
   204 000002D6 00000000               length dd 0
   205                                 
   206 000002DA 00000000               cubeAreasSum dd 0
   207 000002DE 00000000               cubeAreasAve dd 0
   208 000002E2 00000000               cubeAreasMin dd 0
   209 000002E6 00000000               cubeAreasMax dd 0
   210                                 
   211                                 
   212                                 
   213                                 
   214 000002EA 0A2D2D2D2D2D2D2D2D-    hdr db LF, "-----------------------------------------------------"
   215 000002EA 2D2D2D2D2D2D2D2D2D-
   216 000002EA 2D2D2D2D2D2D2D2D2D-
   217 000002EA 2D2D2D2D2D2D2D2D2D-
   218 000002EA 2D2D2D2D2D2D2D2D2D-
   219 000002EA 2D2D2D2D2D2D2D2D2D 
   220 00000320 0A1B5B316D43532032-     db LF, ESC, "[1m", "CS 218 - Assignment #6", ESC, "[0m", LF
   221 00000320 3138202D2041737369-
   222 00000320 676E6D656E74202336-
   223 00000320 1B5B306D0A         
   224 00000340 437562652041726561-     db "Cube Area Information", LF, LF
   225 00000340 20496E666F726D6174-
   226 00000340 696F6E0A0A         
   227 00000357 437562652053696465-     db "Cube Sides's:", LF, NULL
   228 00000357 7327733A0A00       
   229 00000366 0A4375626520417265-    shdr db LF, "Cube Area's Sum:   ", NULL
   230 00000366 6127732053756D3A20-
   231 00000366 202000             
   232 0000037B 0A4375626520417265-    avhdr db LF, "Cube Areas's Ave:  ", NULL
   233 0000037B 61732773204176653A-
   234 0000037B 202000             
   235 00000390 0A4375626520417265-    minhdr db LF, "Cube Areas's Min:  ", NULL
   236 00000390 61732773204D696E3A-
   237 00000390 202000             
   238 000003A5 0A4375626520417265-    maxhdr db LF, "Cube Areas's Max:  ", NULL
   239 000003A5 61732773204D61783A-
   240 000003A5 202000             
   241                                 
   242 000003BA 00000000               tmpInteger dd 0
   243 000003BE 0A00                   newLine db LF, NULL
   244 000003C0 20202000               spaces db "   ", NULL
   245                                 
   246                                 
   247                                 
   248                                 
   249                                 [section .bss]
   250                                 
   251 00000000 <gap>                  cubeAreas resd 21
   252 00000054 <gap>                  tempString resb 32
   253                                 
   254                                 
   255                                 
   256                                 [section .text]
   257                                 [global _start]
   258                                 _start:
   259                                 
   260                                 
   261                                 
   262                                 
   263 00000000 BA00000000              mov edx, 0
   264 00000005 50                      push rax
   265                                 %line 349+0 ass6.asm
   266 00000006 57                      push rdi
   267 00000007 56                      push rsi
   268 00000008 52                      push rdx
   269 00000009 51                      push rcx
   270                                 
   271 0000000A 488D3C25[00000000]      lea rdi, [hdr]
   272 00000012 48C7C200000000          mov rdx, 0
   273                                 ..@4.countLoop:
   274 00000019 803F00                  cmp byte [rdi], NULL
   275 0000001C 7406                    je ..@4.countLoopDone
   276 0000001E 48FFC7                  inc rdi
   277 00000021 48FFC2                  inc rdx
   278 00000024 EBF1                    jmp ..@4.countLoop
   279                                 ..@4.countLoopDone:
   280                                 
   281 00000026 48C7C001000000          mov rax, SYS_write
   282 0000002D 48C7C701000000          mov rdi, STDOUT
   283 00000034 488D3425[00000000]      lea rsi, [hdr]
   284 0000003C 0F05                    syscall
   285                                 
   286 0000003E 59                      pop rcx
   287 0000003F 5A                      pop rdx
   288 00000040 5E                      pop rsi
   289 00000041 5F                      pop rdi
   290 00000042 58                      pop rax
   291                                 %line 350+1 ass6.asm
   292                                 
   293                                 
   294                                 
   295                                 
   296                                 
   297                                 
   298                                 
   299                                 
   300                                 
   301 00000043 51                      push rcx
   302 00000044 56                      push rsi
   303                                 
   304 00000045 C70425[00000000]00-     mov dword [length], 0
   305 00000045 000000             
   306 00000050 48C7C11F000000          mov rcx, 31
   307 00000057 48C7C6[00000000]        mov rsi, aLength
   308                                 
   309                                 
   310                                  getLength:
   311 0000005E 448A26                  mov r12b, byte [rsi]
   312                                 
   313 00000061 41B901000000            mov r9d , 1
   314                                 
   315                                 
   316 00000067 4180FC31                cmp r12b, "1"
   317 0000006B 7509                    jne nA1
   318                                 
   319 0000006D 41D3E1                  shl r9d, cl
   320 00000070 44010C25[00000000]      add dword[length], r9d
   321                                 
   322                                  nA1:
   323                                 
   324 00000078 48FFC6                  inc rsi
   325 0000007B 48FFC9                  dec rcx
   326                                 
   327 0000007E 4180FC00                cmp r12b, NULL
   328 00000082 75D8                    jne getLength
   329                                 
   330                                 
   331 00000084 5E                      pop rsi
   332 00000085 59                      pop rcx
   333                                 
   334                                 
   335                                 
   336                                 
   337                                 
   338 00000086 8B0C25[00000000]        mov ecx, dword [length]
   339 0000008D 48C7C700000000          mov rdi, 0
   340 00000094 48C7C3[00000000]        mov rbx, cSides
   341                                 cvtLoop:
   342                                 
   343                                 %line 399+0 ass6.asm
   344 0000009B 51                      push rcx
   345 0000009C 56                      push rsi
   346                                 
   347 0000009D C70425[00000000]00-     mov dword [tmpInteger], 0
   348 0000009D 000000             
   349 000000A8 48C7C11F000000          mov rcx, 31
   350 000000AF 4889DE                  mov rsi, rbx
   351                                 
   352                                 
   353                                  ..@5.convertLoop:
   354 000000B2 448A26                  mov r12b, byte [rsi]
   355                                 
   356 000000B5 41B901000000            mov r9d , 1
   357                                 
   358                                 
   359 000000BB 4180FC31                cmp r12b, "1"
   360 000000BF 7509                    jne ..@5.notA1
   361                                 
   362 000000C1 41D3E1                  shl r9d, cl
   363 000000C4 44010C25[00000000]      add dword[tmpInteger], r9d
   364                                 
   365                                  ..@5.notA1:
   366                                 
   367 000000CC 48FFC6                  inc rsi
   368 000000CF 48FFC9                  dec rcx
   369                                 
   370 000000D2 4180FC00                cmp r12b, NULL
   371 000000D6 75D8                    jne ..@5.convertLoop
   372                                 
   373                                 
   374 000000D8 5E                      pop rsi
   375 000000D9 59                      pop rcx
   376                                 
   377                                 %line 400+1 ass6.asm
   378                                 
   379 000000DA 8B0425[00000000]        mov eax, dword [tmpInteger]
   380 000000E1 F7E0                    mul eax
   381 000000E3 49C7C206000000          mov r10, 6
   382 000000EA 41F7E2                  mul r10d
   383 000000ED 8904BD[00000000]        mov dword [cubeAreas+rdi*4], eax
   384 000000F4 83C321                  add ebx, (STRLENGTH+1)
   385                                 
   386 000000F7 48FFC7                  inc rdi
   387 000000FA FFC9                    dec ecx
   388 000000FC 83F900                  cmp ecx, 0
   389 000000FF 7598                    jne cvtLoop
   390                                 
   391                                 
   392                                 
   393                                 
   394 00000101 8B0C25[00000000]        mov ecx, dword [length]
   395 00000108 48C7C600000000          mov rsi, 0
   396                                 printLoop:
   397                                 
   398                                 %line 419+0 ass6.asm
   399 0000010F 50                      push rax
   400 00000110 53                      push rbx
   401 00000111 51                      push rcx
   402 00000112 52                      push rdx
   403                                 
   404 00000113 48C7C000000000          mov rax, 0
   405 0000011A 48C7C300000000          mov rbx, 0
   406 00000121 48C7C100000000          mov rcx, 0
   407 00000128 48C7C200000000          mov rdx, 0
   408                                 
   409 0000012F BB02000000              mov ebx, 2
   410 00000134 8B04B5[00000000]        mov eax, dword [cubeAreas+rsi*4]
   411                                 
   412                                 
   413                                  ..@6.divideLoop:
   414 0000013B 48C7C200000000          mov rdx, 0
   415 00000142 F7F3                    div ebx
   416                                 
   417 00000144 83FA00                  cmp edx,0
   418 00000147 7504                    jne ..@6.notZero
   419                                 
   420 00000149 BA30000000              mov edx, 0x30
   421 0000014E 52                      push rdx
   422                                  ..@6.notZero:
   423                                 
   424 0000014F 83FA01                  cmp edx,1
   425 00000152 7504                    jne ..@6.notOne
   426                                 
   427 00000154 BA31000000              mov edx, 0x31
   428 00000159 52                      push rdx
   429                                  ..@6.notOne:
   430                                 
   431                                 
   432 0000015A 48FFC1                  inc rcx
   433                                 
   434 0000015D 83F800                  cmp eax,0
   435 00000160 75D7                    jne ..@6.divideLoop
   436                                 
   437                                 
   438                                 
   439                                 
   440 00000162 49C7C720000000          mov r15, 32
   441 00000169 48C7C300000000          mov rbx, 0
   442                                 
   443                                  ..@6.zeroOutString:
   444                                 
   445 00000170 C683[00000000]30        mov byte[tempString+rbx], "0"
   446                                 
   447                                 
   448 00000177 48FFC3                  inc rbx
   449 0000017A 49FFCF                  dec r15
   450 0000017D 4983FF00                cmp r15,0
   451 00000181 75EB                    jne ..@6.zeroOutString
   452                                 
   453                                 
   454 00000183 C683[00000000]00        mov byte[tempString+rbx], 0
   455                                 
   456 0000018A 48FFC9                  dec rcx
   457                                 
   458                                 
   459                                  ..@6.overWriteLoop:
   460 0000018D 58                      pop rax
   461 0000018E 8881[00000000]          mov byte[tempString+rcx], al
   462                                 
   463 00000194 48FFC9                  dec rcx
   464 00000197 4883F9FF                cmp rcx,-1
   465 0000019B 75EE                    jne ..@6.overWriteLoop
   466                                 
   467                                 
   468                                 
   469                                 
   470                                 
   471                                 
   472 0000019D 48C7C3[00000000]        mov rbx, tempString
   473 000001A4 48C7C120000000          mov rcx , 32
   474                                 
   475                                 
   476                                 
   477                                 
   478                                  ..@6.pushLoop:
   479 000001AB 480FB603                movzx rax ,byte[rbx]
   480 000001AF 50                      push rax
   481                                 
   482 000001B0 48FFC3                  inc rbx
   483 000001B3 E2F4                    loop ..@6.pushLoop
   484                                 
   485                                 
   486 000001B5 48C7C3[00000000]        mov rbx, tempString
   487 000001BC 48C7C120000000          mov rcx, 32
   488                                 
   489                                  ..@6.popLoop:
   490 000001C3 58                      pop rax
   491 000001C4 8803                    mov byte[rbx],al
   492                                 
   493 000001C6 48FFC3                  inc rbx
   494 000001C9 E2F6                    loop ..@6.popLoop
   495                                 
   496                                 
   497                                 
   498                                 
   499                                 
   500 000001CB 5A                      pop rdx
   501 000001CC 59                      pop rcx
   502 000001CD 5B                      pop rbx
   503 000001CE 58                      pop rax
   504                                 
   505                                 
   506                                 
   507                                 %line 420+1 ass6.asm
   508 000001CF 50                      push rax
   509                                 %line 420+0 ass6.asm
   510 000001D0 57                      push rdi
   511 000001D1 56                      push rsi
   512 000001D2 52                      push rdx
   513 000001D3 51                      push rcx
   514                                 
   515 000001D4 488D3C25[00000000]      lea rdi, [tempString]
   516 000001DC 48C7C200000000          mov rdx, 0
   517                                 ..@7.countLoop:
   518 000001E3 803F00                  cmp byte [rdi], NULL
   519 000001E6 7406                    je ..@7.countLoopDone
   520 000001E8 48FFC7                  inc rdi
   521 000001EB 48FFC2                  inc rdx
   522 000001EE EBF1                    jmp ..@7.countLoop
   523                                 ..@7.countLoopDone:
   524                                 
   525 000001F0 48C7C001000000          mov rax, SYS_write
   526 000001F7 48C7C701000000          mov rdi, STDOUT
   527 000001FE 488D3425[00000000]      lea rsi, [tempString]
   528 00000206 0F05                    syscall
   529                                 
   530 00000208 59                      pop rcx
   531 00000209 5A                      pop rdx
   532 0000020A 5E                      pop rsi
   533 0000020B 5F                      pop rdi
   534 0000020C 58                      pop rax
   535                                 %line 421+1 ass6.asm
   536 0000020D 50                      push rax
   537                                 %line 421+0 ass6.asm
   538 0000020E 57                      push rdi
   539 0000020F 56                      push rsi
   540 00000210 52                      push rdx
   541 00000211 51                      push rcx
   542                                 
   543 00000212 488D3C25[00000000]      lea rdi, [spaces]
   544 0000021A 48C7C200000000          mov rdx, 0
   545                                 ..@8.countLoop:
   546 00000221 803F00                  cmp byte [rdi], NULL
   547 00000224 7406                    je ..@8.countLoopDone
   548 00000226 48FFC7                  inc rdi
   549 00000229 48FFC2                  inc rdx
   550 0000022C EBF1                    jmp ..@8.countLoop
   551                                 ..@8.countLoopDone:
   552                                 
   553 0000022E 48C7C001000000          mov rax, SYS_write
   554 00000235 48C7C701000000          mov rdi, STDOUT
   555 0000023C 488D3425[00000000]      lea rsi, [spaces]
   556 00000244 0F05                    syscall
   557                                 
   558 00000246 59                      pop rcx
   559 00000247 5A                      pop rdx
   560 00000248 5E                      pop rsi
   561 00000249 5F                      pop rdi
   562 0000024A 58                      pop rax
   563                                 %line 422+1 ass6.asm
   564                                 
   565 0000024B 48F7C601000000          test rsi, 1
   566 00000252 743C                    je skipNewline
   567 00000254 50                      push rax
   568                                 %line 425+0 ass6.asm
   569 00000255 57                      push rdi
   570 00000256 56                      push rsi
   571 00000257 52                      push rdx
   572 00000258 51                      push rcx
   573                                 
   574 00000259 488D3C25[00000000]      lea rdi, [newLine]
   575 00000261 48C7C200000000          mov rdx, 0
   576                                 ..@9.countLoop:
   577 00000268 803F00                  cmp byte [rdi], NULL
   578 0000026B 7406                    je ..@9.countLoopDone
   579 0000026D 48FFC7                  inc rdi
   580 00000270 48FFC2                  inc rdx
   581 00000273 EBF1                    jmp ..@9.countLoop
   582                                 ..@9.countLoopDone:
   583                                 
   584 00000275 48C7C001000000          mov rax, SYS_write
   585 0000027C 48C7C701000000          mov rdi, STDOUT
   586 00000283 488D3425[00000000]      lea rsi, [newLine]
   587 0000028B 0F05                    syscall
   588                                 
   589 0000028D 59                      pop rcx
   590 0000028E 5A                      pop rdx
   591 0000028F 5E                      pop rsi
   592 00000290 5F                      pop rdi
   593 00000291 58                      pop rax
   594                                 %line 426+1 ass6.asm
   595                                 skipNewline:
   596 00000292 48FFC6                  inc rsi
   597                                 
   598 00000295 FFC9                    dec ecx
   599 00000297 83F900                  cmp ecx, 0
   600 0000029A 0F8569FEFFFF            jne printLoop
   601 000002A0 50                      push rax
   602                                 %line 432+0 ass6.asm
   603 000002A1 57                      push rdi
   604 000002A2 56                      push rsi
   605 000002A3 52                      push rdx
   606 000002A4 51                      push rcx
   607                                 
   608 000002A5 488D3C25[00000000]      lea rdi, [newLine]
   609 000002AD 48C7C200000000          mov rdx, 0
   610                                 ..@10.countLoop:
   611 000002B4 803F00                  cmp byte [rdi], NULL
   612 000002B7 7406                    je ..@10.countLoopDone
   613 000002B9 48FFC7                  inc rdi
   614 000002BC 48FFC2                  inc rdx
   615 000002BF EBF1                    jmp ..@10.countLoop
   616                                 ..@10.countLoopDone:
   617                                 
   618 000002C1 48C7C001000000          mov rax, SYS_write
   619 000002C8 48C7C701000000          mov rdi, STDOUT
   620 000002CF 488D3425[00000000]      lea rsi, [newLine]
   621 000002D7 0F05                    syscall
   622                                 
   623 000002D9 59                      pop rcx
   624 000002DA 5A                      pop rdx
   625 000002DB 5E                      pop rsi
   626 000002DC 5F                      pop rdi
   627 000002DD 58                      pop rax
   628                                 %line 433+1 ass6.asm
   629                                 
   630                                 
   631                                 
   632                                 
   633                                 
   634                                 
   635                                 
   636                                 
   637 000002DE 8B0C25[00000000]        mov ecx, dword [length]
   638 000002E5 48C7C600000000          mov rsi, 0
   639                                 
   640 000002EC 448B0425[00000000]      mov r8d, dword[cubeAreas]
   641 000002F4 44890425[00000000]      mov dword [cubeAreasMin],r8d
   642 000002FC 44890425[00000000]      mov dword [cubeAreasMax],r8d
   643                                 
   644                                 statsLoop:
   645                                 
   646 00000304 448B04B5[00000000]      mov r8d , dword[cubeAreas+rsi*4]
   647 0000030C 44010425[00000000]      add dword [cubeAreasSum], r8d
   648                                 
   649 00000314 44390425[00000000]      cmp dword [cubeAreasMin], r8d
   650 0000031C 7606                    jbe notNewMin
   651 0000031E 44890425[00000000]      mov dword [cubeAreasMin], r8d
   652                                  notNewMin:
   653                                 
   654 00000326 44390425[00000000]      cmp dword [cubeAreasMax], r8d
   655 0000032E 7306                    jae notNewMax
   656 00000330 44890425[00000000]      mov dword [cubeAreasMax], r8d
   657                                  notNewMax:
   658                                 
   659 00000338 48FFC6                  inc rsi
   660                                 
   661 0000033B FFC9                    dec ecx
   662 0000033D 83F900                  cmp ecx,0
   663 00000340 75C0                    jne statsLoop
   664                                 
   665                                 
   666                                 
   667                                 
   668 00000342 48C7C000000000          mov rax, 0
   669 00000349 8B0425[00000000]        mov eax, dword [cubeAreasSum]
   670 00000350 48C7C200000000          mov rdx , 0
   671 00000357 F73425[00000000]        div dword [length]
   672 0000035E 890425[00000000]        mov dword [cubeAreasAve], eax
   673                                 
   674                                 
   675                                 
   676                                 
   677 00000365 50                      push rax
   678                                 %line 481+0 ass6.asm
   679 00000366 57                      push rdi
   680 00000367 56                      push rsi
   681 00000368 52                      push rdx
   682 00000369 51                      push rcx
   683                                 
   684 0000036A 488D3C25[00000000]      lea rdi, [shdr]
   685 00000372 48C7C200000000          mov rdx, 0
   686                                 ..@11.countLoop:
   687 00000379 803F00                  cmp byte [rdi], NULL
   688 0000037C 7406                    je ..@11.countLoopDone
   689 0000037E 48FFC7                  inc rdi
   690 00000381 48FFC2                  inc rdx
   691 00000384 EBF1                    jmp ..@11.countLoop
   692                                 ..@11.countLoopDone:
   693                                 
   694 00000386 48C7C001000000          mov rax, SYS_write
   695 0000038D 48C7C701000000          mov rdi, STDOUT
   696 00000394 488D3425[00000000]      lea rsi, [shdr]
   697 0000039C 0F05                    syscall
   698                                 
   699 0000039E 59                      pop rcx
   700 0000039F 5A                      pop rdx
   701 000003A0 5E                      pop rsi
   702 000003A1 5F                      pop rdi
   703 000003A2 58                      pop rax
   704                                 %line 482+1 ass6.asm
   705                                 
   706                                 
   707                                 
   708                                 
   709                                 
   710 000003A3 50                      push rax
   711 000003A4 53                      push rbx
   712 000003A5 51                      push rcx
   713 000003A6 52                      push rdx
   714                                 
   715 000003A7 48C7C000000000          mov rax, 0
   716 000003AE 48C7C300000000          mov rbx, 0
   717 000003B5 48C7C100000000          mov rcx, 0
   718 000003BC 48C7C200000000          mov rdx, 0
   719                                 
   720 000003C3 BB02000000              mov ebx, 2
   721 000003C8 8B0425[00000000]        mov eax, dword [cubeAreasSum]
   722                                 
   723                                 
   724                                 
   725                                 
   726                                  divBy2Loop:
   727 000003CF 48C7C200000000          mov rdx, 0
   728 000003D6 F7F3                    div ebx
   729                                 
   730 000003D8 83FA00                  cmp edx,0
   731 000003DB 7504                    jne not0
   732                                 
   733 000003DD BA30000000              mov edx, 0x30
   734 000003E2 52                      push rdx
   735                                  not0:
   736                                 
   737 000003E3 83FA01                  cmp edx,1
   738 000003E6 7504                    jne not1
   739                                 
   740 000003E8 BA31000000              mov edx, 0x31
   741 000003ED 52                      push rdx
   742                                  not1:
   743                                 
   744                                 
   745 000003EE 48FFC1                  inc rcx
   746                                 
   747 000003F1 83F800                  cmp eax,0
   748 000003F4 75D7                    jne divBy2Loop
   749                                 
   750                                 
   751                                 
   752                                 
   753                                 
   754                                 
   755 000003F6 49C7C720000000          mov r15, 32
   756 000003FD 48C7C300000000          mov rbx, 0
   757                                 
   758                                  clearOutString:
   759                                 
   760 00000404 C683[00000000]30        mov byte[tempString+rbx], "0"
   761                                 
   762 0000040B 48FFC3                  inc rbx
   763 0000040E 49FFCF                  dec r15
   764 00000411 4983FF00                cmp r15,0
   765 00000415 75EB                    jne clearOutString
   766                                 
   767                                 
   768 00000417 C683[00000000]00        mov byte[tempString+rbx], 0
   769                                 
   770                                 
   771                                 
   772                                 
   773                                 
   774                                 
   775 0000041E 48FFC9                  dec rcx
   776                                 
   777                                 
   778                                  popandPlace:
   779 00000421 58                      pop rax
   780 00000422 8881[00000000]          mov byte[tempString+rcx], al
   781                                 
   782 00000428 48FFC9                  dec rcx
   783 0000042B 4883F9FF                cmp rcx,-1
   784 0000042F 75EE                    jne popandPlace
   785                                 
   786                                 
   787                                 
   788                                 
   789                                 
   790                                 
   791 00000431 48C7C3[00000000]        mov rbx, tempString
   792 00000438 48C7C120000000          mov rcx , 32
   793                                 
   794                                  loopPush:
   795 0000043F 480FB603                movzx rax ,byte[rbx]
   796 00000443 50                      push rax
   797                                 
   798 00000444 48FFC3                  inc rbx
   799 00000447 E2F4                    loop loopPush
   800                                 
   801                                 
   802 00000449 48C7C3[00000000]        mov rbx, tempString
   803 00000450 48C7C120000000          mov rcx, 32
   804                                 
   805                                  loopPop:
   806 00000457 58                      pop rax
   807 00000458 8803                    mov byte[rbx],al
   808                                 
   809 0000045A 48FFC3                  inc rbx
   810 0000045D E2F6                    loop loopPop
   811                                 
   812                                 
   813                                 
   814                                 
   815                                 
   816 0000045F 5A                      pop rdx
   817 00000460 59                      pop rcx
   818 00000461 5B                      pop rbx
   819 00000462 58                      pop rax
   820                                 
   821 00000463 50                      push rax
   822                                 %line 598+0 ass6.asm
   823 00000464 57                      push rdi
   824 00000465 56                      push rsi
   825 00000466 52                      push rdx
   826 00000467 51                      push rcx
   827                                 
   828 00000468 488D3C25[00000000]      lea rdi, [tempString]
   829 00000470 48C7C200000000          mov rdx, 0
   830                                 ..@12.countLoop:
   831 00000477 803F00                  cmp byte [rdi], NULL
   832 0000047A 7406                    je ..@12.countLoopDone
   833 0000047C 48FFC7                  inc rdi
   834 0000047F 48FFC2                  inc rdx
   835 00000482 EBF1                    jmp ..@12.countLoop
   836                                 ..@12.countLoopDone:
   837                                 
   838 00000484 48C7C001000000          mov rax, SYS_write
   839 0000048B 48C7C701000000          mov rdi, STDOUT
   840 00000492 488D3425[00000000]      lea rsi, [tempString]
   841 0000049A 0F05                    syscall
   842                                 
   843 0000049C 59                      pop rcx
   844 0000049D 5A                      pop rdx
   845 0000049E 5E                      pop rsi
   846 0000049F 5F                      pop rdi
   847 000004A0 58                      pop rax
   848                                 %line 599+1 ass6.asm
   849                                 
   850                                 
   851                                 
   852                                 
   853                                 
   854                                 
   855                                 
   856 000004A1 50                      push rax
   857                                 %line 606+0 ass6.asm
   858 000004A2 57                      push rdi
   859 000004A3 56                      push rsi
   860 000004A4 52                      push rdx
   861 000004A5 51                      push rcx
   862                                 
   863 000004A6 488D3C25[00000000]      lea rdi, [avhdr]
   864 000004AE 48C7C200000000          mov rdx, 0
   865                                 ..@13.countLoop:
   866 000004B5 803F00                  cmp byte [rdi], NULL
   867 000004B8 7406                    je ..@13.countLoopDone
   868 000004BA 48FFC7                  inc rdi
   869 000004BD 48FFC2                  inc rdx
   870 000004C0 EBF1                    jmp ..@13.countLoop
   871                                 ..@13.countLoopDone:
   872                                 
   873 000004C2 48C7C001000000          mov rax, SYS_write
   874 000004C9 48C7C701000000          mov rdi, STDOUT
   875 000004D0 488D3425[00000000]      lea rsi, [avhdr]
   876 000004D8 0F05                    syscall
   877                                 
   878 000004DA 59                      pop rcx
   879 000004DB 5A                      pop rdx
   880 000004DC 5E                      pop rsi
   881 000004DD 5F                      pop rdi
   882 000004DE 58                      pop rax
   883                                 %line 607+1 ass6.asm
   884                                 
   885                                 %line 607+0 ass6.asm
   886 000004DF 50                      push rax
   887 000004E0 53                      push rbx
   888 000004E1 51                      push rcx
   889 000004E2 52                      push rdx
   890                                 
   891 000004E3 48C7C000000000          mov rax, 0
   892 000004EA 48C7C300000000          mov rbx, 0
   893 000004F1 48C7C100000000          mov rcx, 0
   894 000004F8 48C7C200000000          mov rdx, 0
   895                                 
   896 000004FF BB02000000              mov ebx, 2
   897 00000504 8B0425[00000000]        mov eax, dword [cubeAreasAve]
   898                                 
   899                                 
   900                                  ..@14.divideLoop:
   901 0000050B 48C7C200000000          mov rdx, 0
   902 00000512 F7F3                    div ebx
   903                                 
   904 00000514 83FA00                  cmp edx,0
   905 00000517 7504                    jne ..@14.notZero
   906                                 
   907 00000519 BA30000000              mov edx, 0x30
   908 0000051E 52                      push rdx
   909                                  ..@14.notZero:
   910                                 
   911 0000051F 83FA01                  cmp edx,1
   912 00000522 7504                    jne ..@14.notOne
   913                                 
   914 00000524 BA31000000              mov edx, 0x31
   915 00000529 52                      push rdx
   916                                  ..@14.notOne:
   917                                 
   918                                 
   919 0000052A 48FFC1                  inc rcx
   920                                 
   921 0000052D 83F800                  cmp eax,0
   922 00000530 75D7                    jne ..@14.divideLoop
   923                                 
   924                                 
   925                                 
   926                                 
   927 00000532 49C7C720000000          mov r15, 32
   928 00000539 48C7C300000000          mov rbx, 0
   929                                 
   930                                  ..@14.zeroOutString:
   931                                 
   932 00000540 C683[00000000]30        mov byte[tempString+rbx], "0"
   933                                 
   934                                 
   935 00000547 48FFC3                  inc rbx
   936 0000054A 49FFCF                  dec r15
   937 0000054D 4983FF00                cmp r15,0
   938 00000551 75EB                    jne ..@14.zeroOutString
   939                                 
   940                                 
   941 00000553 C683[00000000]00        mov byte[tempString+rbx], 0
   942                                 
   943 0000055A 48FFC9                  dec rcx
   944                                 
   945                                 
   946                                  ..@14.overWriteLoop:
   947 0000055D 58                      pop rax
   948 0000055E 8881[00000000]          mov byte[tempString+rcx], al
   949                                 
   950 00000564 48FFC9                  dec rcx
   951 00000567 4883F9FF                cmp rcx,-1
   952 0000056B 75EE                    jne ..@14.overWriteLoop
   953                                 
   954                                 
   955                                 
   956                                 
   957                                 
   958                                 
   959 0000056D 48C7C3[00000000]        mov rbx, tempString
   960 00000574 48C7C120000000          mov rcx , 32
   961                                 
   962                                 
   963                                 
   964                                 
   965                                  ..@14.pushLoop:
   966 0000057B 480FB603                movzx rax ,byte[rbx]
   967 0000057F 50                      push rax
   968                                 
   969 00000580 48FFC3                  inc rbx
   970 00000583 E2F4                    loop ..@14.pushLoop
   971                                 
   972                                 
   973 00000585 48C7C3[00000000]        mov rbx, tempString
   974 0000058C 48C7C120000000          mov rcx, 32
   975                                 
   976                                  ..@14.popLoop:
   977 00000593 58                      pop rax
   978 00000594 8803                    mov byte[rbx],al
   979                                 
   980 00000596 48FFC3                  inc rbx
   981 00000599 E2F6                    loop ..@14.popLoop
   982                                 
   983                                 
   984                                 
   985                                 
   986                                 
   987 0000059B 5A                      pop rdx
   988 0000059C 59                      pop rcx
   989 0000059D 5B                      pop rbx
   990 0000059E 58                      pop rax
   991                                 
   992                                 
   993                                 
   994                                 %line 608+1 ass6.asm
   995 0000059F 50                      push rax
   996                                 %line 608+0 ass6.asm
   997 000005A0 57                      push rdi
   998 000005A1 56                      push rsi
   999 000005A2 52                      push rdx
  1000 000005A3 51                      push rcx
  1001                                 
  1002 000005A4 488D3C25[00000000]      lea rdi, [tempString]
  1003 000005AC 48C7C200000000          mov rdx, 0
  1004                                 ..@15.countLoop:
  1005 000005B3 803F00                  cmp byte [rdi], NULL
  1006 000005B6 7406                    je ..@15.countLoopDone
  1007 000005B8 48FFC7                  inc rdi
  1008 000005BB 48FFC2                  inc rdx
  1009 000005BE EBF1                    jmp ..@15.countLoop
  1010                                 ..@15.countLoopDone:
  1011                                 
  1012 000005C0 48C7C001000000          mov rax, SYS_write
  1013 000005C7 48C7C701000000          mov rdi, STDOUT
  1014 000005CE 488D3425[00000000]      lea rsi, [tempString]
  1015 000005D6 0F05                    syscall
  1016                                 
  1017 000005D8 59                      pop rcx
  1018 000005D9 5A                      pop rdx
  1019 000005DA 5E                      pop rsi
  1020 000005DB 5F                      pop rdi
  1021 000005DC 58                      pop rax
  1022                                 %line 609+1 ass6.asm
  1023                                 
  1024 000005DD 50                      push rax
  1025                                 %line 610+0 ass6.asm
  1026 000005DE 57                      push rdi
  1027 000005DF 56                      push rsi
  1028 000005E0 52                      push rdx
  1029 000005E1 51                      push rcx
  1030                                 
  1031 000005E2 488D3C25[00000000]      lea rdi, [minhdr]
  1032 000005EA 48C7C200000000          mov rdx, 0
  1033                                 ..@16.countLoop:
  1034 000005F1 803F00                  cmp byte [rdi], NULL
  1035 000005F4 7406                    je ..@16.countLoopDone
  1036 000005F6 48FFC7                  inc rdi
  1037 000005F9 48FFC2                  inc rdx
  1038 000005FC EBF1                    jmp ..@16.countLoop
  1039                                 ..@16.countLoopDone:
  1040                                 
  1041 000005FE 48C7C001000000          mov rax, SYS_write
  1042 00000605 48C7C701000000          mov rdi, STDOUT
  1043 0000060C 488D3425[00000000]      lea rsi, [minhdr]
  1044 00000614 0F05                    syscall
  1045                                 
  1046 00000616 59                      pop rcx
  1047 00000617 5A                      pop rdx
  1048 00000618 5E                      pop rsi
  1049 00000619 5F                      pop rdi
  1050 0000061A 58                      pop rax
  1051                                 %line 611+1 ass6.asm
  1052                                 
  1053                                 %line 611+0 ass6.asm
  1054 0000061B 50                      push rax
  1055 0000061C 53                      push rbx
  1056 0000061D 51                      push rcx
  1057 0000061E 52                      push rdx
  1058                                 
  1059 0000061F 48C7C000000000          mov rax, 0
  1060 00000626 48C7C300000000          mov rbx, 0
  1061 0000062D 48C7C100000000          mov rcx, 0
  1062 00000634 48C7C200000000          mov rdx, 0
  1063                                 
  1064 0000063B BB02000000              mov ebx, 2
  1065 00000640 8B0425[00000000]        mov eax, dword [cubeAreasMin]
  1066                                 
  1067                                 
  1068                                  ..@17.divideLoop:
  1069 00000647 48C7C200000000          mov rdx, 0
  1070 0000064E F7F3                    div ebx
  1071                                 
  1072 00000650 83FA00                  cmp edx,0
  1073 00000653 7504                    jne ..@17.notZero
  1074                                 
  1075 00000655 BA30000000              mov edx, 0x30
  1076 0000065A 52                      push rdx
  1077                                  ..@17.notZero:
  1078                                 
  1079 0000065B 83FA01                  cmp edx,1
  1080 0000065E 7504                    jne ..@17.notOne
  1081                                 
  1082 00000660 BA31000000              mov edx, 0x31
  1083 00000665 52                      push rdx
  1084                                  ..@17.notOne:
  1085                                 
  1086                                 
  1087 00000666 48FFC1                  inc rcx
  1088                                 
  1089 00000669 83F800                  cmp eax,0
  1090 0000066C 75D7                    jne ..@17.divideLoop
  1091                                 
  1092                                 
  1093                                 
  1094                                 
  1095 0000066E 49C7C720000000          mov r15, 32
  1096 00000675 48C7C300000000          mov rbx, 0
  1097                                 
  1098                                  ..@17.zeroOutString:
  1099                                 
  1100 0000067C C683[00000000]30        mov byte[tempString+rbx], "0"
  1101                                 
  1102                                 
  1103 00000683 48FFC3                  inc rbx
  1104 00000686 49FFCF                  dec r15
  1105 00000689 4983FF00                cmp r15,0
  1106 0000068D 75EB                    jne ..@17.zeroOutString
  1107                                 
  1108                                 
  1109 0000068F C683[00000000]00        mov byte[tempString+rbx], 0
  1110                                 
  1111 00000696 48FFC9                  dec rcx
  1112                                 
  1113                                 
  1114                                  ..@17.overWriteLoop:
  1115 00000699 58                      pop rax
  1116 0000069A 8881[00000000]          mov byte[tempString+rcx], al
  1117                                 
  1118 000006A0 48FFC9                  dec rcx
  1119 000006A3 4883F9FF                cmp rcx,-1
  1120 000006A7 75EE                    jne ..@17.overWriteLoop
  1121                                 
  1122                                 
  1123                                 
  1124                                 
  1125                                 
  1126                                 
  1127 000006A9 48C7C3[00000000]        mov rbx, tempString
  1128 000006B0 48C7C120000000          mov rcx , 32
  1129                                 
  1130                                 
  1131                                 
  1132                                 
  1133                                  ..@17.pushLoop:
  1134 000006B7 480FB603                movzx rax ,byte[rbx]
  1135 000006BB 50                      push rax
  1136                                 
  1137 000006BC 48FFC3                  inc rbx
  1138 000006BF E2F4                    loop ..@17.pushLoop
  1139                                 
  1140                                 
  1141 000006C1 48C7C3[00000000]        mov rbx, tempString
  1142 000006C8 48C7C120000000          mov rcx, 32
  1143                                 
  1144                                  ..@17.popLoop:
  1145 000006CF 58                      pop rax
  1146 000006D0 8803                    mov byte[rbx],al
  1147                                 
  1148 000006D2 48FFC3                  inc rbx
  1149 000006D5 E2F6                    loop ..@17.popLoop
  1150                                 
  1151                                 
  1152                                 
  1153                                 
  1154                                 
  1155 000006D7 5A                      pop rdx
  1156 000006D8 59                      pop rcx
  1157 000006D9 5B                      pop rbx
  1158 000006DA 58                      pop rax
  1159                                 
  1160                                 
  1161                                 
  1162                                 %line 612+1 ass6.asm
  1163 000006DB 50                      push rax
  1164                                 %line 612+0 ass6.asm
  1165 000006DC 57                      push rdi
  1166 000006DD 56                      push rsi
  1167 000006DE 52                      push rdx
  1168 000006DF 51                      push rcx
  1169                                 
  1170 000006E0 488D3C25[00000000]      lea rdi, [tempString]
  1171 000006E8 48C7C200000000          mov rdx, 0
  1172                                 ..@18.countLoop:
  1173 000006EF 803F00                  cmp byte [rdi], NULL
  1174 000006F2 7406                    je ..@18.countLoopDone
  1175 000006F4 48FFC7                  inc rdi
  1176 000006F7 48FFC2                  inc rdx
  1177 000006FA EBF1                    jmp ..@18.countLoop
  1178                                 ..@18.countLoopDone:
  1179                                 
  1180 000006FC 48C7C001000000          mov rax, SYS_write
  1181 00000703 48C7C701000000          mov rdi, STDOUT
  1182 0000070A 488D3425[00000000]      lea rsi, [tempString]
  1183 00000712 0F05                    syscall
  1184                                 
  1185 00000714 59                      pop rcx
  1186 00000715 5A                      pop rdx
  1187 00000716 5E                      pop rsi
  1188 00000717 5F                      pop rdi
  1189 00000718 58                      pop rax
  1190                                 %line 613+1 ass6.asm
  1191                                 
  1192 00000719 50                      push rax
  1193                                 %line 614+0 ass6.asm
  1194 0000071A 57                      push rdi
  1195 0000071B 56                      push rsi
  1196 0000071C 52                      push rdx
  1197 0000071D 51                      push rcx
  1198                                 
  1199 0000071E 488D3C25[00000000]      lea rdi, [maxhdr]
  1200 00000726 48C7C200000000          mov rdx, 0
  1201                                 ..@19.countLoop:
  1202 0000072D 803F00                  cmp byte [rdi], NULL
  1203 00000730 7406                    je ..@19.countLoopDone
  1204 00000732 48FFC7                  inc rdi
  1205 00000735 48FFC2                  inc rdx
  1206 00000738 EBF1                    jmp ..@19.countLoop
  1207                                 ..@19.countLoopDone:
  1208                                 
  1209 0000073A 48C7C001000000          mov rax, SYS_write
  1210 00000741 48C7C701000000          mov rdi, STDOUT
  1211 00000748 488D3425[00000000]      lea rsi, [maxhdr]
  1212 00000750 0F05                    syscall
  1213                                 
  1214 00000752 59                      pop rcx
  1215 00000753 5A                      pop rdx
  1216 00000754 5E                      pop rsi
  1217 00000755 5F                      pop rdi
  1218 00000756 58                      pop rax
  1219                                 %line 615+1 ass6.asm
  1220                                 
  1221                                 %line 615+0 ass6.asm
  1222 00000757 50                      push rax
  1223 00000758 53                      push rbx
  1224 00000759 51                      push rcx
  1225 0000075A 52                      push rdx
  1226                                 
  1227 0000075B 48C7C000000000          mov rax, 0
  1228 00000762 48C7C300000000          mov rbx, 0
  1229 00000769 48C7C100000000          mov rcx, 0
  1230 00000770 48C7C200000000          mov rdx, 0
  1231                                 
  1232 00000777 BB02000000              mov ebx, 2
  1233 0000077C 8B0425[00000000]        mov eax, dword [cubeAreasMax]
  1234                                 
  1235                                 
  1236                                  ..@20.divideLoop:
  1237 00000783 48C7C200000000          mov rdx, 0
  1238 0000078A F7F3                    div ebx
  1239                                 
  1240 0000078C 83FA00                  cmp edx,0
  1241 0000078F 7504                    jne ..@20.notZero
  1242                                 
  1243 00000791 BA30000000              mov edx, 0x30
  1244 00000796 52                      push rdx
  1245                                  ..@20.notZero:
  1246                                 
  1247 00000797 83FA01                  cmp edx,1
  1248 0000079A 7504                    jne ..@20.notOne
  1249                                 
  1250 0000079C BA31000000              mov edx, 0x31
  1251 000007A1 52                      push rdx
  1252                                  ..@20.notOne:
  1253                                 
  1254                                 
  1255 000007A2 48FFC1                  inc rcx
  1256                                 
  1257 000007A5 83F800                  cmp eax,0
  1258 000007A8 75D7                    jne ..@20.divideLoop
  1259                                 
  1260                                 
  1261                                 
  1262                                 
  1263 000007AA 49C7C720000000          mov r15, 32
  1264 000007B1 48C7C300000000          mov rbx, 0
  1265                                 
  1266                                  ..@20.zeroOutString:
  1267                                 
  1268 000007B8 C683[00000000]30        mov byte[tempString+rbx], "0"
  1269                                 
  1270                                 
  1271 000007BF 48FFC3                  inc rbx
  1272 000007C2 49FFCF                  dec r15
  1273 000007C5 4983FF00                cmp r15,0
  1274 000007C9 75EB                    jne ..@20.zeroOutString
  1275                                 
  1276                                 
  1277 000007CB C683[00000000]00        mov byte[tempString+rbx], 0
  1278                                 
  1279 000007D2 48FFC9                  dec rcx
  1280                                 
  1281                                 
  1282                                  ..@20.overWriteLoop:
  1283 000007D5 58                      pop rax
  1284 000007D6 8881[00000000]          mov byte[tempString+rcx], al
  1285                                 
  1286 000007DC 48FFC9                  dec rcx
  1287 000007DF 4883F9FF                cmp rcx,-1
  1288 000007E3 75EE                    jne ..@20.overWriteLoop
  1289                                 
  1290                                 
  1291                                 
  1292                                 
  1293                                 
  1294                                 
  1295 000007E5 48C7C3[00000000]        mov rbx, tempString
  1296 000007EC 48C7C120000000          mov rcx , 32
  1297                                 
  1298                                 
  1299                                 
  1300                                 
  1301                                  ..@20.pushLoop:
  1302 000007F3 480FB603                movzx rax ,byte[rbx]
  1303 000007F7 50                      push rax
  1304                                 
  1305 000007F8 48FFC3                  inc rbx
  1306 000007FB E2F4                    loop ..@20.pushLoop
  1307                                 
  1308                                 
  1309 000007FD 48C7C3[00000000]        mov rbx, tempString
  1310 00000804 48C7C120000000          mov rcx, 32
  1311                                 
  1312                                  ..@20.popLoop:
  1313 0000080B 58                      pop rax
  1314 0000080C 8803                    mov byte[rbx],al
  1315                                 
  1316 0000080E 48FFC3                  inc rbx
  1317 00000811 E2F6                    loop ..@20.popLoop
  1318                                 
  1319                                 
  1320                                 
  1321                                 
  1322                                 
  1323 00000813 5A                      pop rdx
  1324 00000814 59                      pop rcx
  1325 00000815 5B                      pop rbx
  1326 00000816 58                      pop rax
  1327                                 
  1328                                 
  1329                                 
  1330                                 %line 616+1 ass6.asm
  1331 00000817 50                      push rax
  1332                                 %line 616+0 ass6.asm
  1333 00000818 57                      push rdi
  1334 00000819 56                      push rsi
  1335 0000081A 52                      push rdx
  1336 0000081B 51                      push rcx
  1337                                 
  1338 0000081C 488D3C25[00000000]      lea rdi, [tempString]
  1339 00000824 48C7C200000000          mov rdx, 0
  1340                                 ..@21.countLoop:
  1341 0000082B 803F00                  cmp byte [rdi], NULL
  1342 0000082E 7406                    je ..@21.countLoopDone
  1343 00000830 48FFC7                  inc rdi
  1344 00000833 48FFC2                  inc rdx
  1345 00000836 EBF1                    jmp ..@21.countLoop
  1346                                 ..@21.countLoopDone:
  1347                                 
  1348 00000838 48C7C001000000          mov rax, SYS_write
  1349 0000083F 48C7C701000000          mov rdi, STDOUT
  1350 00000846 488D3425[00000000]      lea rsi, [tempString]
  1351 0000084E 0F05                    syscall
  1352                                 
  1353 00000850 59                      pop rcx
  1354 00000851 5A                      pop rdx
  1355 00000852 5E                      pop rsi
  1356 00000853 5F                      pop rdi
  1357 00000854 58                      pop rax
  1358                                 %line 617+1 ass6.asm
  1359                                 
  1360 00000855 50                      push rax
  1361                                 %line 618+0 ass6.asm
  1362 00000856 57                      push rdi
  1363 00000857 56                      push rsi
  1364 00000858 52                      push rdx
  1365 00000859 51                      push rcx
  1366                                 
  1367 0000085A 488D3C25[00000000]      lea rdi, [newLine]
  1368 00000862 48C7C200000000          mov rdx, 0
  1369                                 ..@22.countLoop:
  1370 00000869 803F00                  cmp byte [rdi], NULL
  1371 0000086C 7406                    je ..@22.countLoopDone
  1372 0000086E 48FFC7                  inc rdi
  1373 00000871 48FFC2                  inc rdx
  1374 00000874 EBF1                    jmp ..@22.countLoop
  1375                                 ..@22.countLoopDone:
  1376                                 
  1377 00000876 48C7C001000000          mov rax, SYS_write
  1378 0000087D 48C7C701000000          mov rdi, STDOUT
  1379 00000884 488D3425[00000000]      lea rsi, [newLine]
  1380 0000088C 0F05                    syscall
  1381                                 
  1382 0000088E 59                      pop rcx
  1383 0000088F 5A                      pop rdx
  1384 00000890 5E                      pop rsi
  1385 00000891 5F                      pop rdi
  1386 00000892 58                      pop rax
  1387                                 %line 619+1 ass6.asm
  1388 00000893 50                      push rax
  1389                                 %line 619+0 ass6.asm
  1390 00000894 57                      push rdi
  1391 00000895 56                      push rsi
  1392 00000896 52                      push rdx
  1393 00000897 51                      push rcx
  1394                                 
  1395 00000898 488D3C25[00000000]      lea rdi, [newLine]
  1396 000008A0 48C7C200000000          mov rdx, 0
  1397                                 ..@23.countLoop:
  1398 000008A7 803F00                  cmp byte [rdi], NULL
  1399 000008AA 7406                    je ..@23.countLoopDone
  1400 000008AC 48FFC7                  inc rdi
  1401 000008AF 48FFC2                  inc rdx
  1402 000008B2 EBF1                    jmp ..@23.countLoop
  1403                                 ..@23.countLoopDone:
  1404                                 
  1405 000008B4 48C7C001000000          mov rax, SYS_write
  1406 000008BB 48C7C701000000          mov rdi, STDOUT
  1407 000008C2 488D3425[00000000]      lea rsi, [newLine]
  1408 000008CA 0F05                    syscall
  1409                                 
  1410 000008CC 59                      pop rcx
  1411 000008CD 5A                      pop rdx
  1412 000008CE 5E                      pop rsi
  1413 000008CF 5F                      pop rdi
  1414 000008D0 58                      pop rax
  1415                                 %line 620+1 ass6.asm
  1416                                 
  1417                                 
  1418                                 
  1419                                 
  1420                                 
  1421                                 last:
  1422 000008D1 48C7C03C000000          mov rax, SYS_exit
  1423 000008D8 48C7C300000000          mov rbx, SUCCESS
  1424 000008DF 0F05                    syscall
  1425                                 
